
  .   ____          _            __ _ _
 /\\ / ___'_ __ _ _(_)_ __  __ _ \ \ \ \
( ( )\___ | '_ | '_| | '_ \/ _` | \ \ \ \
 \\/  ___)| |_)| | | | | || (_| |  ) ) ) )
  '  |____| .__|_| |_|_| |_\__, | / / / /
 =========|_|==============|___/=/_/_/_/

 :: Spring Boot ::                (v3.3.4)

2026-09-13 13:11:49.177 [main] INFO  com.bancoxyz.bff.mobile.BffMobileApplication - Starting BffMobileApplication v1.0.0 using Java 21.0.12.1 with PID 2491 (/home/runner/work/Backend3_Exp2_S5_Fernando_Fuentes/Backend3_Exp2_S5_Fernando_Fuentes/bff-mobile/target/bff-mobile.jar started by runner in /home/runner/work/Backend3_Exp2_S5_Fernando_Fuentes/Backend3_Exp2_S5_Fernando_Fuentes)
2026-09-13 13:11:49.179 [main] INFO  com.bancoxyz.bff.mobile.BffMobileApplication - No active profile set, falling back to 1 default profile: "default"
2026-09-13 13:11:50.508 [main] INFO  o.s.boot.web.embedded.tomcat.TomcatWebServer - Tomcat initialized with port 8082 (https)
2026-09-13 13:11:50.528 [main] INFO  org.apache.catalina.core.StandardService - Starting service [Tomcat]
2026-09-13 13:11:50.528 [main] INFO  org.apache.catalina.core.StandardEngine - Starting Servlet engine: [Apache Tomcat/10.1.30]
2026-09-13 13:11:50.569 [main] INFO  o.a.c.c.C.[Tomcat].[localhost].[/] - Initializing Spring embedded WebApplicationContext
2026-09-13 13:11:50.571 [main] INFO  o.s.b.w.s.c.ServletWebServerApplicationContext - Root WebApplicationContext: initialization completed in 1336 ms
2026-09-13 13:11:51.204 [main] INFO  o.a.tomcat.util.net.NioEndpoint.certificate - Connector [https-jsse-nio-8082], TLS virtual host [_default_], certificate type [UNDEFINED] configured from keystore [/home/runner/.keystore] using alias [bff-mobile] with trust store [null]
2026-09-13 13:11:51.221 [main] INFO  o.s.boot.web.embedded.tomcat.TomcatWebServer - Tomcat started on port 8082 (https) with context path '/'
2026-09-13 13:11:51.238 [main] INFO  com.bancoxyz.bff.mobile.BffMobileApplication - Started BffMobileApplication in 2.55 seconds (process running for 3.186)
2026-09-13 13:11:51.398 [https-jsse-nio-8082-exec-5] INFO  o.a.c.c.C.[Tomcat].[localhost].[/] - Initializing Spring DispatcherServlet 'dispatcherServlet'
2026-09-13 13:11:51.398 [https-jsse-nio-8082-exec-5] INFO  o.s.web.servlet.DispatcherServlet - Initializing Servlet 'dispatcherServlet'
2026-09-13 13:11:51.399 [https-jsse-nio-8082-exec-5] INFO  o.s.web.servlet.DispatcherServlet - Completed initialization in 1 ms
