
  .   ____          _            __ _ _
 /\\ / ___'_ __ _ _(_)_ __  __ _ \ \ \ \
( ( )\___ | '_ | '_| | '_ \/ _` | \ \ \ \
 \\/  ___)| |_)| | | | | || (_| |  ) ) ) )
  '  |____| .__|_| |_|_| |_\__, | / / / /
 =========|_|==============|___/=/_/_/_/

 :: Spring Boot ::                (v3.3.4)

2026-09-13 13:11:40.865 [main] INFO  com.bancoxyz.bff.core.CoreServiceApplication - Starting CoreServiceApplication v1.0.0 using Java 21.0.12.1 with PID 2386 (/home/runner/work/Backend3_Exp2_S5_Fernando_Fuentes/Backend3_Exp2_S5_Fernando_Fuentes/core-service/target/core-service.jar started by runner in /home/runner/work/Backend3_Exp2_S5_Fernando_Fuentes/Backend3_Exp2_S5_Fernando_Fuentes)
2026-09-13 13:11:40.868 [main] INFO  com.bancoxyz.bff.core.CoreServiceApplication - No active profile set, falling back to 1 default profile: "default"
2026-09-13 13:11:42.324 [main] INFO  o.s.boot.web.embedded.tomcat.TomcatWebServer - Tomcat initialized with port 8080 (https)
2026-09-13 13:11:42.361 [main] INFO  org.apache.catalina.core.StandardService - Starting service [Tomcat]
2026-09-13 13:11:42.362 [main] INFO  org.apache.catalina.core.StandardEngine - Starting Servlet engine: [Apache Tomcat/10.1.30]
2026-09-13 13:11:42.397 [main] INFO  o.a.c.c.C.[Tomcat].[localhost].[/] - Initializing Spring embedded WebApplicationContext
2026-09-13 13:11:42.399 [main] INFO  o.s.b.w.s.c.ServletWebServerApplicationContext - Root WebApplicationContext: initialization completed in 1457 ms
2026-09-13 13:11:43.024 [main] INFO  o.a.tomcat.util.net.NioEndpoint.certificate - Connector [https-jsse-nio-8080], TLS virtual host [_default_], certificate type [UNDEFINED] configured from keystore [/home/runner/.keystore] using alias [core-service] with trust store [null]
2026-09-13 13:11:43.133 [main] INFO  o.s.boot.web.embedded.tomcat.TomcatWebServer - Tomcat started on port 8080 (https) with context path '/'
2026-09-13 13:11:43.982 [main] INFO  com.bancoxyz.bff.core.CoreServiceApplication - Started CoreServiceApplication in 2.864 seconds (process running for 4.25)
2026-09-13 13:11:44.127 [main] INFO  c.bancoxyz.bff.core.service.CargaDatosService - ############################################################
2026-09-13 13:11:44.128 [main] INFO  c.bancoxyz.bff.core.service.CargaDatosService - core-service: datos cargados en memoria.
2026-09-13 13:11:44.128 [main] INFO  c.bancoxyz.bff.core.service.CargaDatosService - Cuentas validas cargadas: 49 (omitidas por datos invalidos: 797)
2026-09-13 13:11:44.130 [main] INFO  c.bancoxyz.bff.core.service.CargaDatosService - Movimientos validos cargados: 885 (omitidos por datos invalidos: 115)
2026-09-13 13:11:44.130 [main] INFO  c.bancoxyz.bff.core.service.CargaDatosService - ############################################################
2026-09-13 13:11:44.224 [https-jsse-nio-8080-exec-5] INFO  o.a.c.c.C.[Tomcat].[localhost].[/] - Initializing Spring DispatcherServlet 'dispatcherServlet'
2026-09-13 13:11:44.224 [https-jsse-nio-8080-exec-5] INFO  o.s.web.servlet.DispatcherServlet - Initializing Servlet 'dispatcherServlet'
2026-09-13 13:11:44.225 [https-jsse-nio-8080-exec-5] INFO  o.s.web.servlet.DispatcherServlet - Completed initialization in 1 ms
2026-09-13 13:12:04.816 [https-jsse-nio-8080-exec-10] WARN  c.b.bff.core.config.InternalApiKeyFilter - Acceso rechazado a GET /internal/cuentas: encabezado X-Internal-Api-Key ausente o invalido (posible intento de un frontend de saltarse su BFF y llamar directo al backend generalizado)
2026-09-13 13:12:05.479 [https-jsse-nio-8080-exec-5] INFO  c.b.b.c.controller.CuentaInternalController - Cuenta 105: debito de 1000.0 aplicado. Nuevo saldo: 9000.0
