
  .   ____          _            __ _ _
 /\\ / ___'_ __ _ _(_)_ __  __ _ \ \ \ \
( ( )\___ | '_ | '_| | '_ \/ _` | \ \ \ \
 \\/  ___)| |_)| | | | | || (_| |  ) ) ) )
  '  |____| .__|_| |_|_| |_\__, | / / / /
 =========|_|==============|___/=/_/_/_/

 :: Spring Boot ::                (v3.3.4)

2026-09-13 13:11:52.930 [main] INFO  com.bancoxyz.bff.atm.BffAtmApplication - Starting BffAtmApplication v1.0.0 using Java 21.0.12.1 with PID 2542 (/home/runner/work/Backend3_Exp2_S5_Fernando_Fuentes/Backend3_Exp2_S5_Fernando_Fuentes/bff-atm/target/bff-atm.jar started by runner in /home/runner/work/Backend3_Exp2_S5_Fernando_Fuentes/Backend3_Exp2_S5_Fernando_Fuentes)
2026-09-13 13:11:52.933 [main] INFO  com.bancoxyz.bff.atm.BffAtmApplication - No active profile set, falling back to 1 default profile: "default"
2026-09-13 13:11:54.257 [main] INFO  o.s.boot.web.embedded.tomcat.TomcatWebServer - Tomcat initialized with port 8083 (https)
2026-09-13 13:11:54.275 [main] INFO  org.apache.catalina.core.StandardService - Starting service [Tomcat]
2026-09-13 13:11:54.275 [main] INFO  org.apache.catalina.core.StandardEngine - Starting Servlet engine: [Apache Tomcat/10.1.30]
2026-09-13 13:11:54.303 [main] INFO  o.a.c.c.C.[Tomcat].[localhost].[/] - Initializing Spring embedded WebApplicationContext
2026-09-13 13:11:54.304 [main] INFO  o.s.b.w.s.c.ServletWebServerApplicationContext - Root WebApplicationContext: initialization completed in 1292 ms
2026-09-13 13:11:54.823 [main] INFO  o.a.tomcat.util.net.NioEndpoint.certificate - Connector [https-jsse-nio-8083], TLS virtual host [_default_], certificate type [UNDEFINED] configured from keystore [/home/runner/.keystore] using alias [bff-atm] with trust store [null]
2026-09-13 13:11:54.837 [main] INFO  o.s.boot.web.embedded.tomcat.TomcatWebServer - Tomcat started on port 8083 (https) with context path '/'
2026-09-13 13:11:54.857 [main] INFO  com.bancoxyz.bff.atm.BffAtmApplication - Started BffAtmApplication in 2.433 seconds (process running for 3.013)
2026-09-13 13:11:55.048 [https-jsse-nio-8083-exec-5] INFO  o.a.c.c.C.[Tomcat].[localhost].[/] - Initializing Spring DispatcherServlet 'dispatcherServlet'
2026-09-13 13:11:55.048 [https-jsse-nio-8083-exec-5] INFO  o.s.web.servlet.DispatcherServlet - Initializing Servlet 'dispatcherServlet'
2026-09-13 13:11:55.049 [https-jsse-nio-8083-exec-5] INFO  o.s.web.servlet.DispatcherServlet - Completed initialization in 1 ms
2026-09-13 13:12:05.484 [https-jsse-nio-8083-exec-1] INFO  c.b.bff.atm.controller.CuentaAtmController - Retiro confirmado: cuenta=105 monto=1000.0 nuevoSaldo=9000.0
